Enter password: ************
Welcome to the MySQL monitor.  Commands end with ; or \g.
Your MySQL connection id is 28
Server version: 8.0.19 MySQL Community Server - GPL

Copyright (c) 2000, 2020, Oracle and/or its affiliates. All rights reserved.

Oracle is a registered trademark of Oracle Corporation and/or its
affiliates. Other names may be trademarks of their respective
owners.

Type 'help;' or '\h' for help. Type '\c' to clear the current input statement.

mysql> show databases;
+--------------------+
| Database           |
+--------------------+
| bidvestbank        |
| information_schema |
| mysql              |
| performance_schema |
| sakila             |
| sys                |
| world              |
+--------------------+
7 rows in set (0.00 sec)

mysql> drop database bidvestbank;
Query OK, 7 rows affected (3.49 sec)

mysql> show databases;
+--------------------+
| Database           |
+--------------------+
| information_schema |
| mysql              |
| performance_schema |
| sakila             |
| sys                |
| world              |
+--------------------+
6 rows in set (0.09 sec)

mysql> create databases Bidvestbank;
ERROR 1064 (42000): You have an error in your SQL syntax; check the manual that corresponds to your MySQL server version for the right syntax to use near 'databases Bidvestbank' at line 1
mysql> create database Bidvestbank;
Query OK, 1 row affected (0.14 sec)

mysql> use BidvestBank;
Database changed
mysql> create table BankBranch(Branch_name varchar(20) not null primary key,branch_city varchar(20),assets varchar(20));
Query OK, 0 rows affected (1.74 sec)

mysql> create table Customer(Customer_name varchar(20),Customer_street varchar(20),Customer_city varchar(20));
Query OK, 0 rows affected (0.92 sec)

mysql> create table Customer_account(Account_number varchar(20) not null primary key,branch_name varchar(20),balance double);
Query OK, 0 rows affected (0.50 sec)

mysql> create table Loan(Loan_number varchar(20) not null primary key,branch_name varchar(20),Amount double);
Query OK, 0 rows affected (0.38 sec)

mysql> ^C
mysql> create table Depositor(Customer_name varchar(20),Account_number varchar(20));
Query OK, 0 rows affected (0.39 sec)

mysql> create table Borrower(Customer_name varchar(20),Loan_number varchar(20));
Query OK, 0 rows affected (0.98 sec)

mysql> create table Employee(Employee_name varchar(20) not null primary key,branch_name varchar(20),Salary double);
Query OK, 0 rows affected (0.91 sec)

mysql> insert into CustomerAccount values('A-5324','Newtown',500);
ERROR 1146 (42S02): Table 'bidvestbank.customeraccount' doesn't exist
mysql> insert into Customer_Account values('A-5324','Newtown',500);
Query OK, 1 row affected (0.17 sec)

mysql> insert into Customer_Account values('A-5624','Sunnyside',400);
Query OK, 1 row affected (0.12 sec)

mysql> insert into Customer_Account values('A-7794','Midrand',900);
Query OK, 1 row affected (0.07 sec)

mysql> insert into Customer_Account values('A-4467','Mabopane',700);
Query OK, 1 row affected (0.14 sec)

mysql> insert into Customer_Account values('A-3546','Midrand',750);
Query OK, 1 row affected (0.05 sec)

mysql> insert into Customer_Account values('A-3453','Universitas',700);
Query OK, 1 row affected (0.09 sec)

mysql> insert into Customer_Account values('A-2542','Mamelodi',350);
Query OK, 1 row affected (0.07 sec)

mysql> insert into Bank_branch values('Midrand','Johannesburg',7100000);
ERROR 1146 (42S02): Table 'bidvestbank.bank_branch' doesn't exist
mysql> insert into BankBranch values('Midrand','Johannesburg',7100000);
Query OK, 1 row affected (0.12 sec)

mysql> insert into BankBranch values('Newtown','Johannesburg',9000000);
Query OK, 1 row affected (0.13 sec)

mysql> insert into BankBranch values('Mabopana','Pretoria',400000);
Query OK, 1 row affected (0.06 sec)

mysql> insert into BankBranch values('Belgravia','Kimberly',3700000);
Query OK, 1 row affected (0.13 sec)

mysql> insert into BankBranch values('Sunnyside','Pretoria',1700000);
Query OK, 1 row affected (0.05 sec)

mysql> insert into BankBranch values('Amanzimtoti','Durban',300000);
Query OK, 1 row affected (0.12 sec)

mysql> insert into BankBranch values('Universitas','Bloemfontein',2100000);
Query OK, 1 row affected (0.04 sec)

mysql> insert into BankBranch values('Mamelodi','Pretoria',8000000);
Query OK, 1 row affected (0.13 sec)

mysql> insert into Customer values('Modise','Spring','George');
Query OK, 1 row affected (0.07 sec)

mysql> insert into Customer values('Brooks','Senator','Johannesburg');
Query OK, 1 row affected (0.08 sec)

mysql> insert into Customer values('Jooste','North','Kimberly');
Query OK, 1 row affected (0.15 sec)

mysql> insert into Customer values('Lombard','Sand Hill','Nelspruit');
Query OK, 1 row affected (0.13 sec)

mysql> insert into Customer values('Mokwena','Walnut','Port-Elizabeth');
Query OK, 1 row affected (0.13 sec)

mysql> insert into Customer values('Johnson','Mmabatho','Mafikeng');
Query OK, 1 row affected (0.16 sec)

mysql> insert into Customer values('Johnson','Alma','Bloemfontein');
Query OK, 1 row affected (0.13 sec)

mysql> insert into Customer values('Zwane','Main','Mafikeng');
Query OK, 1 row affected (0.10 sec)

mysql> insert into Customer values('Lindsay','Part','George');
Query OK, 1 row affected (0.06 sec)

mysql> insert into Customer values('Smith','North','Kimberly');
Query OK, 1 row affected (0.05 sec)

mysql> insert into Customer values('Dlamini','Putman','Port-Elizabeth');
Query OK, 1 row affected (0.08 sec)

mysql> insert into Customer values('Williams','Nassau','Giyane');
Query OK, 1 row affected (0.11 sec)

mysql> insert into Depositor values('Johnson','A-5624');
Query OK, 1 row affected (0.37 sec)

mysql> insert into Depositor values('Johnson','A-5624');
Query OK, 1 row affected (0.21 sec)

mysql> insert into Depositor values('Johnson','A-7794');
Query OK, 1 row affected (0.05 sec)

mysql> insert into Depositor values('Zwane','A-3546');
Query OK, 1 row affected (0.07 sec)

mysql> insert into Depositor values('Lindsay','A-3453');
Query OK, 1 row affected (0.06 sec)

mysql> insert into Depositor values('Smith','A-4467');
Query OK, 1 row affected (0.08 sec)

mysql> insert into Depositor values('Dlamini','A-2542');
Query OK, 1 row affected (0.06 sec)

mysql> insert into Loan values('L-11','Mamelodi',900);
Query OK, 1 row affected (0.12 sec)

mysql> insert into Loan values('L-14','Newtown',1500);
Query OK, 1 row affected (0.10 sec)

mysql> insert into Loan values('L-15','SunnySide',1500);
Query OK, 1 row affected (0.07 sec)

mysql> insert into Loan values('L-16','Sunnyside',1300);
Query OK, 1 row affected (0.11 sec)

mysql> insert into Loan values('L-17','Newtown',1000);
Query OK, 1 row affected (0.11 sec)

mysql> insert into Loan values('L-23','Universitas',2000);
Query OK, 1 row affected (0.07 sec)

mysql> insert into Loan values('L-93','Mabopane',500);
Query OK, 1 row affected (0.07 sec)

mysql> insert into Borrower values('Modise','L-16');
Query OK, 1 row affected (0.10 sec)

mysql> insert into Borrower values('Jooste','L-93');
Query OK, 1 row affected (0.08 sec)

mysql> insert into Borrower values('Johnson','L-15');
Query OK, 1 row affected (0.09 sec)

mysql> insert into Borrower values('Jackson','L-14');
Query OK, 1 row affected (0.10 sec)

mysql> insert into Borrower values('Zwane','L-17');
Query OK, 1 row affected (0.08 sec)

mysql> insert into Borrower values('Smith','L-11');
Query OK, 1 row affected (0.11 sec)

mysql> insert into Borrower values('Smith','L-23');
Query OK, 1 row affected (0.05 sec)

mysql> insert into Borrower values('Williams','L-17');
Query OK, 1 row affected (0.18 sec)

mysql> insert into Employee values('Modise','Sunnyside',1500);
Query OK, 1 row affected (0.09 sec)

mysql> insert into Employee values('Brown','Sunnyside',1300);
Query OK, 1 row affected (0.09 sec)

mysql> insert into Employee values('Gotal','Sunnyside',5300);
Query OK, 1 row affected (0.07 sec)

mysql> insert into Employee values('Johnson','Newtown',1500);
Query OK, 1 row affected (0.13 sec)

mysql> insert into Employee values('Loreena','Newtown',1300);
Query OK, 1 row affected (0.06 sec)

mysql> insert into Employee values('Peterson','Newtown',2500);
Query OK, 1 row affected (0.08 sec)

mysql> insert into Employee values('Rao','Austin',1500);
Query OK, 1 row affected (0.21 sec)

mysql> insert into Employee values('Sato','Austin',1600);
Query OK, 1 row affected (0.07 sec)

mysql> select * from Customer_Account where balance < 700;
+----------------+-------------+---------+
| Account_number | branch_name | balance |
+----------------+-------------+---------+
| A-2542         | Mamelodi    |     350 |
| A-5324         | Newtown     |     500 |
| A-5624         | Sunnyside   |     400 |
+----------------+-------------+---------+
3 rows in set (0.08 sec)

mysql> select * from Customer where Customer_city = "Johannesburg";
+---------------+-----------------+---------------+
| Customer_name | Customer_street | Customer_city |
+---------------+-----------------+---------------+
| Brooks        | Senator         | Johannesburg  |
+---------------+-----------------+---------------+
1 row in set (0.04 sec)


mysql> select * from employee where not Branch_name and salary > 1500;
+---------------+-------------+--------+
| Employee_name | branch_name | Salary |
+---------------+-------------+--------+
| Gotal         | Sunnyside   |   5300 |
| Peterson      | Newtown     |   2500 |
| Sato          | Austin      |   1600 |
+---------------+-------------+--------+
3 rows in set, 8 warnings (0.23 sec)

mysql> select avg(salary) as "avg_salary" from employee;
+------------+
| avg_salary |
+------------+
|     2062.5 |
+------------+
1 row in set (0.07 sec)

mysql> select Branch_name, max(assets) from BankBranch;
+-------------+-------------+
| Branch_name | max(assets) |
+-------------+-------------+
| Amanzimtoti | 9000000     |
+-------------+-------------+
1 row in set (0.21 sec)

mysql> select * from Employee where Branch_name = "Sunnyside";
+---------------+-------------+--------+
| Employee_name | branch_name | Salary |
+---------------+-------------+--------+
| Brown         | Sunnyside   |   1300 |
| Gotal         | Sunnyside   |   5300 |
| Modise        | Sunnyside   |   1500 |
+---------------+-------------+--------+
3 rows in set (0.02 sec)

mysql> describe Borrower;
+---------------+-------------+------+-----+---------+-------+
| Field         | Type        | Null | Key | Default | Extra |
+---------------+-------------+------+-----+---------+-------+
| Customer_name | varchar(20) | YES  |     | NULL    |       |
| Loan_number   | varchar(20) | YES  |     | NULL    |       |
+---------------+-------------+------+-----+---------+-------+
2 rows in set (0.92 sec)

mysql> select * from Customer_Account where balance > 900;
Empty set (0.08 sec)

mysql> select * from Customer_Account where balance > 600 and Branch_name = "Newtown";
Empty set (0.02 sec)

mysql> select * from BankBranch;
+-------------+--------------+---------+
| Branch_name | branch_city  | assets  |
+-------------+--------------+---------+
| Amanzimtoti | Durban       | 300000  |
| Belgravia   | Kimberly     | 3700000 |
| Mabopana    | Pretoria     | 400000  |
| Mamelodi    | Pretoria     | 8000000 |
| Midrand     | Johannesburg | 7100000 |
| Newtown     | Johannesburg | 9000000 |
| Sunnyside   | Pretoria     | 1700000 |
| Universitas | Bloemfontein | 2100000 |
+-------------+--------------+---------+
8 rows in set (0.00 sec)

mysql> select * from employee where not Branch_name="Newtown" and salary > 1500;
+---------------+-------------+--------+
| Employee_name | branch_name | Salary |
+---------------+-------------+--------+
| Gotal         | Sunnyside   |   5300 |
| Sato          | Austin      |   1600 |
+---------------+-------------+--------+
2 rows in set (0.00 sec)

mysql>